\BOOKMARK [1][-]{section*.1}{\376\377\000T\000\323\000M\000\040\000T\036\256\000T}{}% 1
\BOOKMARK [1][-]{section*.2}{\376\377\000L\036\334\000I\000\040\000C\036\242\000M\000\040\001\240\000N}{}% 2
\BOOKMARK [1][-]{section*.3}{\376\377\000D\000A\000N\000H\000\040\000M\036\344\000C\000\040\000T\000H\000U\036\254\000T\000\040\000N\000G\036\356\000\040\000V\000\300\000\040\000K\000\335\000\040\000H\000I\036\306\000U\000\040\000T\000O\000\301\000N\000\040\000H\036\314\000C}{}% 3
\BOOKMARK [1][-]{section.4}{\376\377\000T\036\324\000N\000G\000\040\000Q\000U\000A\000N\000\040\000V\000\300\000\040\000C\001\240\000\040\000S\036\336\000\040\000L\000\335\000\040\000T\000H\000U\000Y\036\276\000T}{}% 4
\BOOKMARK [2][-]{subsection.5}{\376\377\001\020\036\267\000t\000\040\000v\036\245\000n\000\040\001\021\036\301}{section.4}% 5
\BOOKMARK [2][-]{subsection.6}{\376\377\000G\000i\036\333\000i\000\040\000t\000h\000i\036\307\000u\000\040\000b\000\340\000i\000\040\000t\000o\000\341\000n\000\040\000V\000e\000h\000i\000c\000l\000e\000\040\000R\000o\000u\000t\000i\000n\000g\000\040\000P\000r\000o\000b\000l\000e\000m}{section.4}% 6
\BOOKMARK [2][-]{subsection.7}{\376\377\000M\036\331\000t\000\040\000s\036\321\000\040\000b\000i\036\277\000n\000\040\000t\000h\036\303\000\040\000c\000h\000\355\000n\000h\000\040\000c\036\347\000a\000\040\000V\000R\000P}{section.4}% 7
\BOOKMARK [1][-]{section.9}{\376\377\000G\000I\036\242\000I\000\040\000T\000H\000U\036\254\000T\000\040\000D\000I\000\040\000T\000R\000U\000Y\036\300\000N}{}% 8
\BOOKMARK [2][-]{subsection.10}{\376\377\000C\000\341\000c\000\040\000t\000h\000\340\000n\000h\000\040\000p\000h\036\247\000n\000\040\000c\001\241\000\040\000b\036\243\000n\000\040\000c\036\347\000a\000\040\000G\000A}{section.9}% 9
\BOOKMARK [2][-]{subsection.11}{\376\377\000S\001\241\000\040\001\021\036\323\000\040\000t\036\325\000n\000g\000\040\000q\000u\000\341\000t\000\040\000c\036\347\000a\000\040\000G\000i\036\243\000i\000\040\000t\000h\000u\036\255\000t\000\040\000D\000i\000\040\000t\000r\000u\000y\036\301\000n}{section.9}% 10
\BOOKMARK [2][-]{subsection.14}{\376\377\000B\000i\036\303\000u\000\040\000d\000i\036\305\000n\000\040\000c\000\341\000\040\000t\000h\036\303\000\040\000v\000\340\000\040\000k\000h\000\364\000n\000g\000\040\000g\000i\000a\000n\000\040\000n\000g\000h\000i\036\307\000m}{section.9}% 11
\BOOKMARK [2][-]{subsection.15}{\376\377\000H\000\340\000m\000\040\000f\000i\000t\000n\000e\000s\000s\000\040\000v\000\340\000\040\000h\000\340\000m\000\040\000m\036\345\000c\000\040\000t\000i\000\352\000u}{section.9}% 12
\BOOKMARK [2][-]{subsection.16}{\376\377\000C\000h\036\315\000n\000\040\000l\036\315\000c\000\040\000c\000\341\000\040\000t\000h\036\303}{section.9}% 13
\BOOKMARK [2][-]{subsection.18}{\376\377\000L\000a\000i\000\040\000g\000h\000\351\000p\000\040\000v\000\340\000\040\001\021\036\331\000t\000\040\000b\000i\036\277\000n}{section.9}% 14
\BOOKMARK [2][-]{subsection.20}{\376\377\001\020\000i\036\301\000u\000\040\000k\000i\036\307\000n\000\040\000d\036\353\000n\000g\000\040\000v\000\340\000\040\001\021\000\341\000n\000h\000\040\000g\000i\000\341\000\040\000h\036\331\000i\000\040\000t\036\345}{section.9}% 15
\BOOKMARK [1][-]{section.21}{\376\377\036\350\000N\000G\000\040\000D\036\344\000N\000G\000\040\000G\000I\036\242\000I\000\040\000T\000H\000U\036\254\000T\000\040\000D\000I\000\040\000T\000R\000U\000Y\036\300\000N\000\040\000V\000\300\000O\000\040\000B\000\300\000I\000\040\000T\000O\000\301\000N\000\040\000V\000R\000P\000\040\000\050\000C\001\240\000\040\000B\036\242\000N\000\051}{}% 16
\BOOKMARK [2][-]{subsection.22}{\376\377\000T\036\325\000n\000g\000\040\000q\000u\000a\000n}{section.21}% 17
\BOOKMARK [2][-]{subsection.25}{\376\377\000M\000\364\000\040\000h\000\354\000n\000h\000\040\000h\000\363\000a\000\040\000k\000h\000\364\000n\000g\000\040\000g\000i\000a\000n\000\040\000l\036\335\000i\000\040\000g\000i\036\243\000i\000\040\000\050\000S\000o\000l\000u\000t\000i\000o\000n\000\040\000S\000p\000a\000c\000e\000\040\000M\000o\000d\000e\000l\000i\000n\000g\000\051}{section.21}% 18
\BOOKMARK [3][-]{subsubsection.26}{\376\377\000C\036\245\000u\000\040\000t\000r\000\372\000c\000\040\000C\000h\000r\000o\000m\000o\000s\000o\000m\000e\000\040\000v\000\340\000\040\000C\001\241\000\040\000c\000h\036\277\000\040\000b\036\243\000o\000\040\000t\000o\000\340\000n\000\040\000d\000i\000\040\000t\000r\000u\000y\036\301\000n}{subsection.25}% 19
\BOOKMARK [3][-]{subsubsection.32}{\376\377\000C\001\241\000\040\000c\000h\036\277\000\040\000G\000i\036\243\000i\000\040\000m\000\343\000\040\000\050\000D\000e\000c\000o\000d\000i\000n\000g\000\051\000\040\000v\000\340\000\040\000H\000e\000u\000r\000i\000s\000t\000i\000c\000\040\000t\036\321\000i\000\040\001\260\000u\000\040\000h\000\363\000a\000\040\000T\000r\036\241\000m\000\040\000t\000r\000u\000n\000g\000\040\000c\000h\000u\000y\036\303\000n}{subsection.25}% 20
\BOOKMARK [3][-]{subsubsection.34}{\376\377\000T\000i\036\301\000n\000\040\000x\036\355\000\040\000l\000\375\000\040\000K\000h\000\364\000n\000g\000\040\000g\000i\000a\000n\000\040\000M\000\364\000i\000\040\000t\000r\001\260\036\335\000n\000g\000\040\000\050\000M\000a\000\040\000t\000r\036\255\000n\000\040\000C\000h\000i\000\040\000p\000h\000\355\000\051}{subsection.25}% 21
\BOOKMARK [2][-]{subsection.37}{\376\377\000K\000h\036\337\000i\000\040\000t\036\241\000o\000\040\000Q\000u\036\247\000n\000\040\000t\000h\036\303\000\040\000B\000a\000n\000\040\001\021\036\247\000u\000\040\000\050\000I\000n\000i\000t\000i\000a\000l\000\040\000P\000o\000p\000u\000l\000a\000t\000i\000o\000n\000\040\000G\000e\000n\000e\000r\000a\000t\000i\000o\000n\000\051}{section.21}% 22
\BOOKMARK [2][-]{subsection.41}{\376\377\001\020\000\341\000n\000h\000\040\000g\000i\000\341\000\040\001\020\036\331\000\040\000t\000h\000\355\000c\000h\000\040\000n\000g\000h\000i\000\040\000\050\000F\000i\000t\000n\000e\000s\000s\000\040\000E\000v\000a\000l\000u\000a\000t\000i\000o\000n\000\051}{section.21}% 23
\BOOKMARK [3][-]{subsubsection.42}{\376\377\000M\000\364\000\040\000h\000\354\000n\000h\000\040\000h\000\363\000a\000\040\000H\000\340\000m\000\040\000M\036\345\000c\000\040\000t\000i\000\352\000u\000\040\000\050\000O\000b\000j\000e\000c\000t\000i\000v\000e\000\040\000F\000u\000n\000c\000t\000i\000o\000n\000\051}{subsection.41}% 24
\BOOKMARK [3][-]{subsubsection.43}{\376\377\000P\000h\000\351\000p\000\040\000b\000i\036\277\000n\000\040\001\021\036\325\000i\000\040\001\020\036\331\000\040\000t\000h\000\355\000c\000h\000\040\000n\000g\000h\000i\000\040\000\050\000F\000i\000t\000n\000e\000s\000s\000\040\000T\000r\000a\000n\000s\000f\000o\000r\000m\000a\000t\000i\000o\000n\000\051}{subsection.41}% 25
\BOOKMARK [2][-]{subsection.47}{\376\377\000C\001\241\000\040\000c\000h\036\277\000\040\000C\000h\036\315\000n\000\040\000l\036\315\000c\000\040\000\050\000S\000e\000l\000e\000c\000t\000i\000o\000n\000\040\000M\000e\000c\000h\000a\000n\000i\000s\000m\000\051}{section.21}% 26
\BOOKMARK [3][-]{subsubsection.48}{\376\377\000L\036\361\000a\000\040\000c\000h\036\315\000n\000\040\000B\000\341\000n\000h\000\040\000x\000e\000\040\000R\000o\000u\000l\000e\000t\000t\000e\000\040\000\050\000R\000o\000u\000l\000e\000t\000t\000e\000\040\000W\000h\000e\000e\000l\000\040\000S\000e\000l\000e\000c\000t\000i\000o\000n\000\051\000\040\000v\000\340\000\040\000R\036\347\000i\000\040\000r\000o\000\040\000H\036\331\000i\000\040\000t\036\345\000\040\000s\036\333\000m}{subsection.47}% 27
\BOOKMARK [3][-]{subsubsection.49}{\376\377\000C\000h\036\315\000n\000\040\000l\036\315\000c\000\040\000T\000r\000a\000n\000h\000\040\001\021\036\245\000u\000\040\000\050\000T\000o\000u\000r\000n\000a\000m\000e\000n\000t\000\040\000S\000e\000l\000e\000c\000t\000i\000o\000n\000\051\000\040\000-\000\040\000G\000i\036\243\000i\000\040\000p\000h\000\341\000p\000\040\000T\036\321\000i\000\040\001\260\000u\000\040\000c\000h\000o\000\040\000V\000R\000P}{subsection.47}% 28
\BOOKMARK [2][-]{subsection.53}{\376\377\000T\000o\000\341\000n\000\040\000t\036\355\000\040\000L\000a\000i\000\040\000g\000h\000\351\000p\000\040\000\050\000C\000r\000o\000s\000s\000o\000v\000e\000r\000\040\000M\000e\000c\000h\000a\000n\000i\000s\000m\000\051}{section.21}% 29
\BOOKMARK [3][-]{subsubsection.54}{\376\377\000C\001\241\000\040\000c\000h\036\277\000\040\000L\000a\000i\000\040\000g\000h\000\351\000p\000\040\000T\000h\036\351\000\040\000t\036\361\000\040\000\050\000O\000r\000d\000e\000r\000\040\000C\000r\000o\000s\000s\000o\000v\000e\000r\000\040\000-\000\040\000O\000X\000\051}{subsection.53}% 30
\BOOKMARK [3][-]{subsubsection.59}{\376\377\000C\000h\000i\036\277\000n\000\040\000l\001\260\036\343\000c\000\040\000K\036\277\000\040\000t\000h\036\353\000a\000\040\000P\000h\000\342\000n\000\040\000c\036\345\000m\000\040\000\050\000C\000l\000u\000s\000t\000e\000r\000i\000n\000g\000\040\000I\000n\000h\000e\000r\000i\000t\000a\000n\000c\000e\000\051}{subsection.53}% 31
\BOOKMARK [2][-]{subsection.62}{\376\377\000T\000o\000\341\000n\000\040\000t\036\355\000\040\001\020\036\331\000t\000\040\000b\000i\036\277\000n\000\040\000\050\000M\000u\000t\000a\000t\000i\000o\000n\000\040\000M\000e\000c\000h\000a\000n\000i\000s\000m\000\051}{section.21}% 32
\BOOKMARK [3][-]{subsubsection.63}{\376\377\001\020\036\331\000t\000\040\000b\000i\036\277\000n\000\040\000K\000h\000\364\000n\000g\000\040\000g\000i\000a\000n\000\040\001\020\036\313\000n\000h\000\040\000t\000u\000y\036\277\000n\000\040\000\050\000R\000o\000u\000t\000i\000n\000g\000\040\000M\000u\000t\000a\000t\000i\000o\000n\000\051}{subsection.62}% 33
\BOOKMARK [3][-]{subsubsection.64}{\376\377\001\020\036\331\000t\000\040\000b\000i\036\277\000n\000\040\000K\000h\000\364\000n\000g\000\040\000g\000i\000a\000n\000\040\000P\000h\000\342\000n\000\040\000c\036\345\000m\000\040\000\050\000C\000l\000u\000s\000t\000e\000r\000i\000n\000g\000\040\000M\000u\000t\000a\000t\000i\000o\000n\000\051}{subsection.62}% 34
\BOOKMARK [2][-]{subsection.68}{\376\377\000H\000o\000\340\000n\000\040\000t\000h\000i\036\307\000n\000\040\000V\000\362\000n\000g\000\040\000l\036\267\000p\000\040\000T\000i\036\277\000n\000\040\000h\000\363\000a\000\040\000v\000\340\000\040\000C\000h\000i\036\277\000n\000\040\000l\001\260\036\343\000c\000\040\000Q\000u\036\243\000n\000\040\000t\000r\036\313\000\040\000Q\000u\036\247\000n\000\040\000t\000h\036\303}{section.21}% 35
\BOOKMARK [3][-]{subsubsection.69}{\376\377\000C\000h\000i\036\277\000n\000\040\000l\001\260\036\343\000c\000\040\000T\000h\000a\000y\000\040\000t\000h\036\277\000\040\000Q\000u\036\247\000n\000\040\000t\000h\036\303\000\040\000\050\000+\000\040\000\051\000\040\000v\000\340\000\040\000B\036\243\000o\000\040\000t\036\323\000n\000\040\000T\000i\000n\000h\000\040\000h\000o\000a}{subsection.68}% 36
\BOOKMARK [3][-]{subsubsection.73}{\376\377\000T\036\321\000i\000\040\001\260\000u\000\040\000H\000\363\000a\000\040\001\020\000i\036\307\000n\000\040\000t\000o\000\341\000n\000\040\000v\036\333\000i\000\040\001\020\000\341\000n\000h\000\040\000g\000i\000\341\000\040\000L\001\260\036\335\000i\000\040\000\050\000L\000a\000z\000y\000\040\000E\000v\000a\000l\000u\000a\000t\000i\000o\000n\000\051}{subsection.68}% 37
\BOOKMARK [3][-]{subsubsection.74}{\376\377\000K\000h\036\321\000n\000g\000\040\000c\000h\036\277\000\040\000H\036\331\000i\000\040\000t\036\345\000\040\000v\000\340\000\040\000C\001\241\000\040\000c\000h\036\277\000\040\000D\036\353\000n\000g\000\040\000s\036\333\000m\000\040\000\050\000E\000a\000r\000l\000y\000\040\000S\000t\000o\000p\000p\000i\000n\000g\000\051}{subsection.68}% 38
\BOOKMARK [1][-]{section.78}{\376\377\000M\036\336\000\040\000R\036\330\000N\000G\000\040\000B\000\300\000I\000\040\000T\000O\000\301\000N\000\040\000V\000R\000P\000\040\000T\000H\000\300\000N\000H\000\040\000C\000V\000R\000P\000\040\000V\000\300\000\040\000V\000R\000P\000T\000W}{}% 39
\BOOKMARK [2][-]{subsection.79}{\376\377\001\020\036\313\000n\000h\000\040\000h\001\260\036\333\000n\000g\000\040\000m\036\337\000\040\000r\036\331\000n\000g\000\040\000m\000\364\000\040\000h\000\354\000n\000h}{section.78}% 40
\BOOKMARK [2][-]{subsection.80}{\376\377\000M\036\337\000\040\000r\036\331\000n\000g\000\040\000r\000\340\000n\000g\000\040\000b\000u\036\331\000c\000\040\000t\036\243\000i\000\040\000t\000r\036\315\000n\000g\000:\000\040\000C\000a\000p\000a\000c\000i\000t\000a\000t\000e\000d\000\040\000V\000R\000P}{section.78}% 41
\BOOKMARK [3][-]{subsubsection.81}{\376\377\000M\000\364\000\040\000h\000\354\000n\000h\000\040\000t\036\243\000i\000\040\000t\000r\036\315\000n\000g\000\040\000t\000r\000\352\000n\000\040\000t\036\353\000n\000g\000\040\000t\000u\000y\036\277\000n}{subsection.80}% 42
\BOOKMARK [3][-]{subsubsection.82}{\376\377\000H\000\340\000m\000\040\000p\000h\036\241\000t\000\040\000v\001\260\036\343\000t\000\040\000t\036\243\000i}{subsection.80}% 43
\BOOKMARK [2][-]{subsection.83}{\376\377\000M\036\337\000\040\000r\036\331\000n\000g\000\040\000r\000\340\000n\000g\000\040\000b\000u\036\331\000c\000\040\000t\000h\036\335\000i\000\040\000g\000i\000a\000n\000:\000\040\000V\000R\000P\000\040\000w\000i\000t\000h\000\040\000T\000i\000m\000e\000\040\000W\000i\000n\000d\000o\000w\000s}{section.78}% 44
\BOOKMARK [3][-]{subsubsection.84}{\376\377\000M\000\364\000\040\000h\000\354\000n\000h\000\040\000c\036\355\000a\000\040\000s\036\325\000\040\000t\000h\036\335\000i\000\040\000g\000i\000a\000n}{subsection.83}% 45
\BOOKMARK [3][-]{subsubsection.85}{\376\377\000C\001\241\000\040\000c\000h\036\277\000\040\000c\000h\036\335\000\040\000s\036\333\000m\000\040\000v\000\340\000\040\000p\000h\036\241\000t\000\040\000t\000r\036\305}{subsection.83}% 46
\BOOKMARK [2][-]{subsection.86}{\376\377\000H\000\340\000m\000\040\000m\036\345\000c\000\040\000t\000i\000\352\000u\000\040\000m\036\337\000\040\000r\036\331\000n\000g}{section.78}% 47
\BOOKMARK [2][-]{subsection.87}{\376\377\000T\000h\000u\036\255\000t\000\040\000t\000o\000\341\000n\000\040\001\021\000\341\000n\000h\000\040\000g\000i\000\341\000\040\000c\000\341\000\040\000t\000h\036\303\000\040\000t\000r\000o\000n\000g\000\040\000m\000\364\000\040\000h\000\354\000n\000h\000\040\000m\036\337\000\040\000r\036\331\000n\000g}{section.78}% 48
\BOOKMARK [2][-]{subsection.91}{\376\377\000L\000i\000\352\000n\000\040\000h\036\307\000\040\000v\036\333\000i\000\040\000k\000i\036\277\000n\000\040\000t\000r\000\372\000c\000\040\000c\000\340\000i\000\040\001\021\036\267\000t}{section.78}% 49
\BOOKMARK [2][-]{subsection.92}{\376\377\000N\000h\036\255\000n\000\040\000x\000\351\000t\000\040\000v\036\301\000\040\000m\000\364\000\040\000h\000\354\000n\000h\000\040\000m\036\337\000\040\000r\036\331\000n\000g}{section.78}% 50
\BOOKMARK [1][-]{section.93}{\376\377\000T\000H\000I\036\276\000T\000\040\000K\036\276\000\040\000G\000I\000A\000O\000\040\000D\000I\036\306\000N}{}% 51
\BOOKMARK [2][-]{subsection.94}{\376\377\000M\036\345\000c\000\040\000t\000i\000\352\000u\000\040\000v\000\340\000\040\000b\036\321\000\040\000c\036\345\000c\000\040\000t\036\325\000n\000g\000\040\000t\000h\036\303}{section.93}% 52
\BOOKMARK [2][-]{subsection.96}{\376\377\000M\000\340\000n\000\040\000h\000\354\000n\000h\000\040\001\020\000i\036\301\000u\000\040\000p\000h\036\321\000i\000\040\000v\000\340\000\040\000t\000h\000i\036\277\000t\000\040\000l\036\255\000p\000\040\000b\000\340\000i\000\040\000t\000o\000\341\000n}{section.93}% 53
\BOOKMARK [2][-]{subsection.99}{\376\377\000T\000r\036\361\000c\000\040\000q\000u\000a\000n\000\040\000h\000\363\000a\000,\000\040\000d\000a\000s\000h\000b\000o\000a\000r\000d\000\040\000v\000\340\000\040\000l\000u\036\323\000n\000g\000\040\000s\036\355\000\040\000d\036\345\000n\000g}{section.93}% 54
\BOOKMARK [2][-]{subsection.103}{\376\377\001\020\000\341\000n\000h\000\040\000g\000i\000\341\000\040\000t\000h\000i\036\277\000t\000\040\000k\036\277\000\040\000g\000i\000a\000o\000\040\000d\000i\036\307\000n}{section.93}% 55
\BOOKMARK [1][-]{section.104}{\376\377\000C\000\301\000C\000\040\000K\036\276\000T\000\040\000Q\000U\036\242\000\040\000T\000H\036\360\000C\000\040\000N\000G\000H\000I\036\306\000M\000\040\000-\000\040\001\020\000\301\000N\000H\000\040\000G\000I\000\301\000\040\000H\000I\036\306\000U\000\040\000N\001\002\000N\000G}{}% 56
\BOOKMARK [2][-]{subsection.105}{\376\377\000M\036\345\000c\000\040\000t\000i\000\352\000u\000\040\000v\000\340\000\040\000t\000h\000i\036\277\000t\000\040\000l\036\255\000p\000\040\000t\000h\036\361\000c\000\040\000n\000g\000h\000i\036\307\000m}{section.104}% 57
\BOOKMARK [2][-]{subsection.107}{\376\377\000D\036\357\000\040\000l\000i\036\307\000u\000,\000\040\000t\000r\036\361\000c\000\040\000q\000u\000a\000n\000\040\000h\000\363\000a\000\040\000v\000\340\000\040\000t\000i\000\352\000u\000\040\000c\000h\000\355\000\040\001\021\000\341\000n\000h\000\040\000g\000i\000\341}{section.104}% 58
\BOOKMARK [2][-]{subsection.109}{\376\377\000K\036\277\000t\000\040\000q\000u\036\243\000\040\000t\000r\000\352\000n\000\040\000m\000\364\000\040\000h\000\354\000n\000h\000\040\000V\000R\000P\000\040\000c\001\241\000\040\000b\036\243\000n}{section.104}% 59
\BOOKMARK [2][-]{subsection.112}{\376\377\000K\036\277\000t\000\040\000q\000u\036\243\000\040\000t\000r\000\352\000n\000\040\000m\000\364\000\040\000h\000\354\000n\000h\000\040\000C\000V\000R\000P\000\040\000v\000\340\000\040\000V\000R\000P\000T\000W}{section.104}% 60
\BOOKMARK [2][-]{subsection.115}{\376\377\000S\000o\000\040\000s\000\341\000n\000h\000\040\000t\036\325\000n\000g\000\040\000h\036\343\000p\000\040\000v\000\340\000\040\001\021\036\331\000\040\036\325\000n\000\040\001\021\036\313\000n\000h}{section.104}% 61
\BOOKMARK [2][-]{subsection.119}{\376\377\000P\000h\000\342\000n\000\040\000t\000\355\000c\000h\000\040\000h\036\331\000i\000\040\000t\036\345\000\040\000v\000\340\000\040\000n\000h\036\255\000n\000\040\000x\000\351\000t\000\040\000h\000i\036\307\000u\000\040\000n\001\003\000n\000g}{section.104}% 62
\BOOKMARK [1][-]{section.121}{\376\377\000K\036\276\000T\000\040\000L\000U\036\254\000N}{}% 63
\BOOKMARK [2][-]{subsection.122}{\376\377\000T\036\325\000n\000g\000\040\000k\036\277\000t\000\040\000n\036\331\000i\000\040\000d\000u\000n\000g\000\040\000v\000\340\000\040\000k\036\277\000t\000\040\000q\000u\036\243\000\040\001\021\036\241\000t\000\040\001\021\001\260\036\343\000c}{section.121}% 64
\BOOKMARK [2][-]{subsection.123}{\376\377\000\335\000\040\000n\000g\000h\001\051\000a\000\040\000v\000\340\000\040\000h\036\241\000n\000\040\000c\000h\036\277}{section.121}% 65
\BOOKMARK [2][-]{subsection.124}{\376\377\000H\001\260\036\333\000n\000g\000\040\000p\000h\000\341\000t\000\040\000t\000r\000i\036\303\000n}{section.121}% 66
\BOOKMARK [2][-]{subsection.125}{\376\377\000K\036\277\000t\000\040\000l\000u\036\255\000n\000\040\000c\000h\000u\000n\000g}{section.121}% 67
\BOOKMARK [1][-]{section*.126}{\376\377\000T\000\340\000i\000\040\000l\000i\036\307\000u\000\040\000t\000h\000a\000m\000\040\000k\000h\036\243\000o}{}% 68
\BOOKMARK [1][-]{section*.127}{\376\377\000P\000h\036\345\000\040\000l\036\345\000c\000\040\000A\000.\000\040\000H\000\354\000n\000h\000\040\036\243\000n\000h}{}% 69
\BOOKMARK [1][-]{section*.128}{\376\377\000P\000h\036\345\000\040\000l\036\345\000c\000\040\000B\000.\000\040\000C\000\341\000c\000\040\000t\000h\000u\036\255\000t\000\040\000t\000o\000\341\000n}{}% 70
\BOOKMARK [1][-]{section*.129}{\376\377\000P\000h\036\345\000\040\000l\036\345\000c\000\040\000C\000.\000\040\000B\036\243\000n\000g\000,\000\040\000b\000i\036\303\000u}{}% 71
\BOOKMARK [1][-]{section*.130}{\376\377\000B\036\243\000n\000g\000\040\000p\000h\000\342\000n\000\040\000c\000\364\000n\000g\000\040\000n\000h\000i\036\307\000m\000\040\000v\036\345}{}% 72
\BOOKMARK [1][-]{section*.131}{\376\377\000L\000i\000n\000k\000\040\001\021\036\323\000\040\000\341\000n}{}% 73
